================================================================================
 MiniMind 医学 LoRA 全流程云端运行系统
 工作目录: /root/autodl-tmp/minimind-lora
 Python  : /root/autodl-tmp/minimind-lora/.venv/bin/python (Python 3.12.3)
 时间    : 2026-09-10 10:43:37
 日志    : experiments/lora_medical_20260909/logs/run_20260910_104337.log
================================================================================
--------------------------------------------------------------------------------
 运行命令: bash experiments/lora_medical_20260909/run_cloud.sh --step 2
 主机时间: autodl-container-d0884780b4-d82ddd78 | 20260910_104337
 GPU 信息: NVIDIA GeForce RTX 4090, 580.105.08, 24564 MiB
 Python  : 3.12.3
   torch         == 2.8.0+cu128
   transformers  == 4.57.6
   datasets      == 3.6.0
   accelerate    : 未安装
   numpy         == 1.26.4
   tokenizers    == 0.22.2
 依赖快照: experiments/lora_medical_20260909/logs/pip_freeze_20260910_104337.txt (完整 pip freeze)
--------------------------------------------------------------------------------

libgomp: Invalid value for environment variable OMP_NUM_THREADS

--------------------------------------------------------------------------------
 [Step 2/7] 基座模型评估冒烟测试 (--limit 2, 验证推理与 val_loss 计算)...
--------------------------------------------------------------------------------

libgomp: Invalid value for environment variable OMP_NUM_THREADS
⚠️ [冒烟模式] 每类考卷仅评估前 2 道题，结果将写入: experiments/lora_medical_20260909/eval_results/smoke_base
[BASE] 加载基座权重: /root/autodl-tmp/minimind-lora/out/full_sft_768.pth

--- [1/3] 评估医学选择题 (MCQ, 共 2 题, max_new_tokens=64) ---
MCQ 进度: 2/2 | 正确: 0 | 无效: 2
MCQ 评估完成: 正确率 0.00% (0/2), 无效回答数: 2

--- [2/3] 评估医学问答 (MedQA, 共 2 题, max_new_tokens=512) ---
MedQA 进度: 2/2

--- [3/3] 评估通用问题 (General QA, 共 2 题, max_new_tokens=256) ---

--- 计算验证集 Loss (SFTDataset, max_length=512, 路径: experiments/lora_medical_20260909/data/v2/val.jsonl) ---
Generating train split: 0 examples [00:00, ? examples/s]Generating train split: 100 examples [00:00, 12711.94 examples/s]
/root/autodl-tmp/minimind-lora/run_eval.py:347: FutureWarning: `torch.cuda.amp.autocast(args...)` is deprecated. Please use `torch.amp.autocast('cuda', args...)` instead.
  autocast_ctx = nullcontext() if device_type == "cpu" else torch.cuda.amp.autocast(dtype=target_dtype)
验证集加权平均交叉熵 Loss: 1.6286

✅ 评估成功完成，全部结果已写入: experiments/lora_medical_20260909/eval_results/smoke_base
summary: {"total": 2, "correct": 0, "accuracy": 0.0, "invalid_count": 2}, val_loss: 1.628595
✅ Step 2 基座评估冒烟通过！

================================================================================
 🎉 全部流程已顺利执行完成！
 产物清单：
   - 基座评估结果: experiments/lora_medical_20260909/eval_results/base/
   - 微调权重文件: out/lora_medical_formal_768.pth
   - 微调评估结果: experiments/lora_medical_20260909/eval_results/lora/
   - 前后对比报告: experiments/lora_medical_20260909/eval_results/compare_report.md
   - 运行日志与环境快照: experiments/lora_medical_20260909/logs/ (本次日志: experiments/lora_medical_20260909/logs/run_20260910_104337.log)

 云端打包指令 (含日志与完成标记):
   tar -czvf results_bundle.tar.gz experiments/lora_medical_20260909/eval_results/ experiments/lora_medical_20260909/logs/ out/lora_medical_formal_768.pth out/lora_medical_formal_768.complete.sha256
   # 如需保留断点续训能力 (--from_resume 1)，打包时追加: checkpoints/
 本地下载指令: scp -P <端口> <用户名>@<云端IP>:<云端工作路径>/results_bundle.tar.gz ./
================================================================================
