================================================================================
 MiniMind 情感分类 LoRA 云端全流程
 工作目录: /root/autodl-tmp/MiniMind-medical
 Python  : /root/autodl-tmp/MiniMind-medical/.venv/bin/python (Python 3.12.3)
 时间    : 2026-09-17 18:21:04
 参数    : （无）
 日志    : /root/autodl-tmp/MiniMind-medical/experiments/lora_sentiment_20260914/logs/run_20260917_182104.log
================================================================================
📦 依赖快照已保存: pip_freeze_20260917_182104.txt

--------------------------------------------------------------------------------
▶ Step 1: 预检
--------------------------------------------------------------------------------
  torch 2.8.0+cu128 | transformers 4.57.6
  ✅ GPU: NVIDIA GeForce RTX 3080 Ti (12.5 GB)
  ✅ 基座权重: /root/autodl-tmp/MiniMind-medical/out/full_sft_768.pth (138 MB)
  ✅ 切分数据校验通过（9 个文件 md5 一致）
  · formal_test: n=400，判定优于随机需准确率 > 0.549
  · formal_val: n=400，判定优于随机需准确率 > 0.549
  · smoke_val: n=20，判定优于随机需准确率 > 0.7191
✅ Step 1 预检通过

--------------------------------------------------------------------------------
▶ Step 2: 冒烟（40 条训练 + 20 条评测，仅验证流程）
--------------------------------------------------------------------------------
MODE=smoke train=40 val=20 initial_val_loss=2.175936
epoch=1/1 batch=1/10 loss=2.645978 lr=0.00019560
epoch=1/1 batch=2/10 loss=2.023638 lr=0.00018281
validation step=2 val_loss=1.342899 improved=True
epoch=1/1 batch=3/10 loss=1.022783 lr=0.00016290
epoch=1/1 batch=4/10 loss=0.793570 lr=0.00013781
validation step=4 val_loss=0.662877 improved=True
epoch=1/1 batch=5/10 loss=0.327264 lr=0.00011000
epoch=1/1 batch=6/10 loss=0.745475 lr=0.00008219
validation step=6 val_loss=0.467289 improved=True
epoch=1/1 batch=7/10 loss=0.475874 lr=0.00005710
epoch=1/1 batch=8/10 loss=0.542765 lr=0.00003719
validation step=8 val_loss=0.402144 improved=True
epoch=1/1 batch=9/10 loss=0.409634 lr=0.00002440
epoch=1/1 batch=10/10 loss=0.424680 lr=0.00002000
validation step=10 val_loss=0.373927 improved=True
TRAINING_COMPLETE best_step=10 best_val_loss=0.373927 run_dir=/root/autodl-tmp/MiniMind-medical/experiments/lora_sentiment_20260914/runs/smoke
evaluated=20/20
{
  "checkpoint": "/root/autodl-tmp/MiniMind-medical/experiments/lora_sentiment_20260914/runs/smoke/final_lora.pth",
  "data": "/root/autodl-tmp/MiniMind-medical/experiments/lora_sentiment_20260914/data/smoke/val.jsonl",
  "samples": 20,
  "candidate_scoring_accuracy": 0.5,
  "generation_accuracy": 0.5,
  "baseline": {
    "majority_class_accuracy": 0.5,
    "random_expected_accuracy": 0.5,
    "random_95ci": [
      0.2809,
      0.7191
    ],
    "min_accuracy_to_beat_random": 0.7191,
    "beats_random": false,
    "note": "candidate_scoring_accuracy 需高于 min_accuracy_to_beat_random 才算显著优于随机；不要直接与 0.5 比较。"
  },
  "format_compliance_rate": 1.0,
  "macro_f1": 0.3333333333333333,
  "confusion_matrix": {
    "负面": {
      "负面": 0,
      "正面": 10
    },
    "正面": {
      "负面": 0,
      "正面": 10
    }
  },
  "generation_predictions": {
    "正面": 20
  },
  "per_class": {
    "负面": {
      "precision": 0.0,
      "recall": 0.0,
      "f1": 0.0
    },
    "正面": {
      "precision": 0.5,
      "recall": 1.0,
      "f1": 0.6666666666666666
    }
  }
}
EVALUATION_COMPLETE output=/root/autodl-tmp/MiniMind-medical/experiments/lora_sentiment_20260914/runs/smoke/eval_smoke.json
✅ Step 2 完成（冒烟准确率不可解读，只看流程是否跑通）

--------------------------------------------------------------------------------
▶ Step 3: 正式训练（2000 条 × 3 epoch）
--------------------------------------------------------------------------------
MODE=formal train=2000 val=400 initial_val_loss=2.195116
epoch=1/3 batch=5/375 loss=1.456649 lr=0.00019995
epoch=1/3 batch=10/375 loss=0.775770 lr=0.00019969
epoch=1/3 batch=15/375 loss=0.260052 lr=0.00019939
epoch=1/3 batch=20/375 loss=0.254106 lr=0.00019876
epoch=1/3 batch=25/375 loss=0.239472 lr=0.00019822
epoch=1/3 batch=30/375 loss=0.223321 lr=0.00019722
epoch=1/3 batch=35/375 loss=0.204356 lr=0.00019643
epoch=1/3 batch=40/375 loss=0.195199 lr=0.00019507
validation step=20 val_loss=0.191871 improved=True
epoch=1/3 batch=45/375 loss=0.216577 lr=0.00019405
epoch=1/3 batch=50/375 loss=0.189942 lr=0.00019234
epoch=1/3 batch=55/375 loss=0.203254 lr=0.00019109
epoch=1/3 batch=60/375 loss=0.220852 lr=0.00018904
epoch=1/3 batch=65/375 loss=0.197609 lr=0.00018757
epoch=1/3 batch=70/375 loss=0.212796 lr=0.00018519
epoch=1/3 batch=75/375 loss=0.192998 lr=0.00018351
epoch=1/3 batch=80/375 loss=0.152281 lr=0.00018083
validation step=40 val_loss=0.171259 improved=True
epoch=1/3 batch=85/375 loss=0.135250 lr=0.00017894
epoch=1/3 batch=90/375 loss=0.139897 lr=0.00017597
epoch=1/3 batch=95/375 loss=0.135733 lr=0.00017390
epoch=1/3 batch=100/375 loss=0.205287 lr=0.00017067
epoch=1/3 batch=105/375 loss=0.089410 lr=0.00016842
epoch=1/3 batch=110/375 loss=0.207412 lr=0.00016494
epoch=1/3 batch=115/375 loss=0.135892 lr=0.00016254
epoch=1/3 batch=120/375 loss=0.061263 lr=0.00015883
validation step=60 val_loss=0.128079 improved=True
epoch=1/3 batch=125/375 loss=0.125603 lr=0.00015500
epoch=2/3 batch=130/375 loss=0.205228 lr=0.00015238
epoch=2/3 batch=135/375 loss=0.132629 lr=0.00014837
epoch=2/3 batch=140/375 loss=0.044422 lr=0.00014565
epoch=2/3 batch=145/375 loss=0.052282 lr=0.00014148
epoch=2/3 batch=150/375 loss=0.202190 lr=0.00013866
epoch=2/3 batch=155/375 loss=0.169972 lr=0.00013438
validation step=80 val_loss=0.126024 improved=True
epoch=2/3 batch=160/375 loss=0.125882 lr=0.00013148
epoch=2/3 batch=165/375 loss=0.110401 lr=0.00012710
epoch=2/3 batch=170/375 loss=0.160982 lr=0.00012415
epoch=2/3 batch=175/375 loss=0.129183 lr=0.00011971
epoch=2/3 batch=180/375 loss=0.090501 lr=0.00011673
epoch=2/3 batch=185/375 loss=0.126354 lr=0.00011224
epoch=2/3 batch=190/375 loss=0.124566 lr=0.00010925
epoch=2/3 batch=195/375 loss=0.121705 lr=0.00010477
validation step=100 val_loss=0.153755 improved=False
epoch=2/3 batch=200/375 loss=0.339796 lr=0.00010178
epoch=2/3 batch=205/375 loss=0.151177 lr=0.00009733
epoch=2/3 batch=210/375 loss=0.090115 lr=0.00009437
epoch=2/3 batch=215/375 loss=0.100449 lr=0.00008997
epoch=2/3 batch=220/375 loss=0.127179 lr=0.00008707
epoch=2/3 batch=225/375 loss=0.048139 lr=0.00008276
epoch=2/3 batch=230/375 loss=0.113300 lr=0.00007992
epoch=2/3 batch=235/375 loss=0.116654 lr=0.00007573
validation step=120 val_loss=0.111067 improved=True
epoch=2/3 batch=240/375 loss=0.125849 lr=0.00007298
epoch=2/3 batch=245/375 loss=0.162525 lr=0.00006894
epoch=2/3 batch=250/375 loss=0.080159 lr=0.00006500
epoch=3/3 batch=255/375 loss=0.070355 lr=0.00006243
epoch=3/3 batch=260/375 loss=0.124312 lr=0.00005868
epoch=3/3 batch=265/375 loss=0.116023 lr=0.00005626
epoch=3/3 batch=270/375 loss=0.058179 lr=0.00005272
epoch=3/3 batch=275/375 loss=0.066990 lr=0.00005045
validation step=140 val_loss=0.109195 improved=True
epoch=3/3 batch=280/375 loss=0.117109 lr=0.00004716
epoch=3/3 batch=285/375 loss=0.070653 lr=0.00004505
epoch=3/3 batch=290/375 loss=0.152108 lr=0.00004203
epoch=3/3 batch=295/375 loss=0.040579 lr=0.00004010
epoch=3/3 batch=300/375 loss=0.023029 lr=0.00003736
epoch=3/3 batch=305/375 loss=0.161356 lr=0.00003564
epoch=3/3 batch=310/375 loss=0.107511 lr=0.00003320
epoch=3/3 batch=315/375 loss=0.115152 lr=0.00003169
validation step=160 val_loss=0.104656 improved=True
epoch=3/3 batch=320/375 loss=0.074195 lr=0.00002957
epoch=3/3 batch=325/375 loss=0.134722 lr=0.00002827
epoch=3/3 batch=330/375 loss=0.105875 lr=0.00002650
epoch=3/3 batch=335/375 loss=0.068430 lr=0.00002543
epoch=3/3 batch=340/375 loss=0.049620 lr=0.00002400
epoch=3/3 batch=345/375 loss=0.115732 lr=0.00002316
epoch=3/3 batch=350/375 loss=0.049719 lr=0.00002209
epoch=3/3 batch=355/375 loss=0.179130 lr=0.00002150
validation step=180 val_loss=0.107049 improved=False
epoch=3/3 batch=360/375 loss=0.062776 lr=0.00002079
epoch=3/3 batch=365/375 loss=0.080801 lr=0.00002045
epoch=3/3 batch=370/375 loss=0.037162 lr=0.00002011
epoch=3/3 batch=375/375 loss=0.120523 lr=0.00002000
validation step=189 val_loss=0.104436 improved=True
TRAINING_COMPLETE best_step=189 best_val_loss=0.104436 run_dir=/root/autodl-tmp/MiniMind-medical/experiments/lora_sentiment_20260914/runs/formal
✅ Step 3 完成

--------------------------------------------------------------------------------
▶ Step 4: 正式评测（test 400 题）
--------------------------------------------------------------------------------
evaluated=50/400
evaluated=100/400
evaluated=150/400
evaluated=200/400
evaluated=250/400
evaluated=300/400
evaluated=350/400
evaluated=400/400
{
  "checkpoint": "/root/autodl-tmp/MiniMind-medical/experiments/lora_sentiment_20260914/runs/formal/best_lora.pth",
  "data": "/root/autodl-tmp/MiniMind-medical/experiments/lora_sentiment_20260914/data/formal/test.jsonl",
  "samples": 400,
  "candidate_scoring_accuracy": 0.84,
  "generation_accuracy": 0.8375,
  "baseline": {
    "majority_class_accuracy": 0.5,
    "random_expected_accuracy": 0.5,
    "random_95ci": [
      0.451,
      0.549
    ],
    "min_accuracy_to_beat_random": 0.549,
    "beats_random": true,
    "note": "candidate_scoring_accuracy 需高于 min_accuracy_to_beat_random 才算显著优于随机；不要直接与 0.5 比较。"
  },
  "format_compliance_rate": 1.0,
  "macro_f1": 0.8399959998999974,
  "confusion_matrix": {
    "负面": {
      "负面": 167,
      "正面": 33
    },
    "正面": {
      "负面": 31,
      "正面": 169
    }
  },
  "generation_predictions": {
    "负面": 197,
    "正面": 203
  },
  "per_class": {
    "负面": {
      "precision": 0.8434343434343434,
      "recall": 0.835,
      "f1": 0.8391959798994975
    },
    "正面": {
      "precision": 0.8366336633663366,
      "recall": 0.845,
      "f1": 0.8407960199004973
    }
  }
}
EVALUATION_COMPLETE output=/root/autodl-tmp/MiniMind-medical/experiments/lora_sentiment_20260914/runs/formal/eval_formal.json
✅ Step 4 完成

--------------------------------------------------------------------------------
▶ Step 5: 规模曲线（250 / 500 / 1000；2000 点复用 Step 3/4 的结果）
--------------------------------------------------------------------------------

· 规模点 250 条
MODE=formal train=250 val=400 initial_val_loss=2.195116
epoch=1/3 batch=5/48 loss=1.299478 lr=0.00019693
epoch=1/3 batch=10/48 loss=0.826690 lr=0.00018140
epoch=1/3 batch=15/48 loss=0.238919 lr=0.00016479
epoch=2/3 batch=20/48 loss=0.269250 lr=0.00013329
epoch=2/3 batch=25/48 loss=0.270008 lr=0.00011000
epoch=2/3 batch=30/48 loss=0.201706 lr=0.00007556
epoch=3/3 batch=35/48 loss=0.290842 lr=0.00005521
epoch=3/3 batch=40/48 loss=0.212584 lr=0.00003206
validation step=20 val_loss=0.210111 improved=True
epoch=3/3 batch=45/48 loss=0.178278 lr=0.00002307
epoch=3/3 batch=48/48 loss=0.146850 lr=0.00002000
validation step=24 val_loss=0.205727 improved=True
TRAINING_COMPLETE best_step=24 best_val_loss=0.205727 run_dir=/root/autodl-tmp/MiniMind-medical/experiments/lora_sentiment_20260914/runs/scale_250
evaluated=50/400
evaluated=100/400
evaluated=150/400
evaluated=200/400
evaluated=250/400
evaluated=300/400
evaluated=350/400
evaluated=400/400
{
  "checkpoint": "/root/autodl-tmp/MiniMind-medical/experiments/lora_sentiment_20260914/runs/scale_250/best_lora.pth",
  "data": "/root/autodl-tmp/MiniMind-medical/experiments/lora_sentiment_20260914/data/formal/test.jsonl",
  "samples": 400,
  "candidate_scoring_accuracy": 0.56,
  "generation_accuracy": 0.555,
  "baseline": {
    "majority_class_accuracy": 0.5,
    "random_expected_accuracy": 0.5,
    "random_95ci": [
      0.451,
      0.549
    ],
    "min_accuracy_to_beat_random": 0.549,
    "beats_random": true,
    "note": "candidate_scoring_accuracy 需高于 min_accuracy_to_beat_random 才算显著优于随机；不要直接与 0.5 比较。"
  },
  "format_compliance_rate": 1.0,
  "macro_f1": 0.5524361712948835,
  "confusion_matrix": {
    "负面": {
      "负面": 86,
      "正面": 114
    },
    "正面": {
      "负面": 62,
      "正面": 138
    }
  },
  "generation_predictions": {
    "正面": 258,
    "负面": 142
  },
  "per_class": {
    "负面": {
      "precision": 0.581081081081081,
      "recall": 0.43,
      "f1": 0.49425287356321834
    },
    "正面": {
      "precision": 0.5476190476190477,
      "recall": 0.69,
      "f1": 0.6106194690265487
    }
  }
}
EVALUATION_COMPLETE output=/root/autodl-tmp/MiniMind-medical/experiments/lora_sentiment_20260914/runs/scale_250/eval_formal.json

· 规模点 500 条
MODE=formal train=500 val=400 initial_val_loss=2.195116
epoch=1/3 batch=5/96 loss=1.547979 lr=0.00019923
epoch=1/3 batch=10/96 loss=0.692520 lr=0.00019522
epoch=1/3 batch=15/96 loss=0.194313 lr=0.00019072
epoch=1/3 batch=20/96 loss=0.224460 lr=0.00018140
epoch=1/3 batch=25/96 loss=0.180359 lr=0.00017364
epoch=1/3 batch=30/96 loss=0.201024 lr=0.00016000
epoch=2/3 batch=35/96 loss=0.211502 lr=0.00014981
epoch=2/3 batch=40/96 loss=0.184145 lr=0.00013329
validation step=20 val_loss=0.195920 improved=True
epoch=2/3 batch=45/96 loss=0.213512 lr=0.00012175
epoch=2/3 batch=50/96 loss=0.218808 lr=0.00010411
epoch=2/3 batch=55/96 loss=0.184215 lr=0.00009244
epoch=2/3 batch=60/96 loss=0.215452 lr=0.00007556
epoch=3/3 batch=65/96 loss=0.202721 lr=0.00006500
epoch=3/3 batch=70/96 loss=0.170994 lr=0.00005066
epoch=3/3 batch=75/96 loss=0.190871 lr=0.00004233
epoch=3/3 batch=80/96 loss=0.150003 lr=0.00003206
validation step=40 val_loss=0.188088 improved=True
epoch=3/3 batch=85/96 loss=0.182130 lr=0.00002685
epoch=3/3 batch=90/96 loss=0.164306 lr=0.00002173
epoch=3/3 batch=95/96 loss=0.156641 lr=0.00002019
epoch=3/3 batch=96/96 loss=0.185169 lr=0.00002000
validation step=48 val_loss=0.183019 improved=True
TRAINING_COMPLETE best_step=48 best_val_loss=0.183019 run_dir=/root/autodl-tmp/MiniMind-medical/experiments/lora_sentiment_20260914/runs/scale_500
evaluated=50/400
evaluated=100/400
evaluated=150/400
evaluated=200/400
evaluated=250/400
evaluated=300/400
evaluated=350/400
evaluated=400/400
{
  "checkpoint": "/root/autodl-tmp/MiniMind-medical/experiments/lora_sentiment_20260914/runs/scale_500/best_lora.pth",
  "data": "/root/autodl-tmp/MiniMind-medical/experiments/lora_sentiment_20260914/data/formal/test.jsonl",
  "samples": 400,
  "candidate_scoring_accuracy": 0.6675,
  "generation_accuracy": 0.67,
  "baseline": {
    "majority_class_accuracy": 0.5,
    "random_expected_accuracy": 0.5,
    "random_95ci": [
      0.451,
      0.549
    ],
    "min_accuracy_to_beat_random": 0.549,
    "beats_random": true,
    "note": "candidate_scoring_accuracy 需高于 min_accuracy_to_beat_random 才算显著优于随机；不要直接与 0.5 比较。"
  },
  "format_compliance_rate": 1.0,
  "macro_f1": 0.6674812958228901,
  "confusion_matrix": {
    "负面": {
      "负面": 135,
      "正面": 65
    },
    "正面": {
      "负面": 68,
      "正面": 132
    }
  },
  "generation_predictions": {
    "正面": 198,
    "负面": 202
  },
  "per_class": {
    "负面": {
      "precision": 0.6650246305418719,
      "recall": 0.675,
      "f1": 0.6699751861042184
    },
    "正面": {
      "precision": 0.6700507614213198,
      "recall": 0.66,
      "f1": 0.6649874055415618
    }
  }
}
EVALUATION_COMPLETE output=/root/autodl-tmp/MiniMind-medical/experiments/lora_sentiment_20260914/runs/scale_500/eval_formal.json

· 规模点 1000 条
MODE=formal train=1000 val=400 initial_val_loss=2.195116
epoch=1/3 batch=5/189 loss=1.233341 lr=0.00019981
epoch=1/3 batch=10/189 loss=0.803276 lr=0.00019880
epoch=1/3 batch=15/189 loss=0.247599 lr=0.00019765
epoch=1/3 batch=20/189 loss=0.318165 lr=0.00019522
epoch=1/3 batch=25/189 loss=0.192465 lr=0.00019315
epoch=1/3 batch=30/189 loss=0.306375 lr=0.00018937
epoch=1/3 batch=35/189 loss=0.190521 lr=0.00018643
epoch=1/3 batch=40/189 loss=0.231018 lr=0.00018140
validation step=20 val_loss=0.235960 improved=True
epoch=1/3 batch=45/189 loss=0.217797 lr=0.00017767
epoch=1/3 batch=50/189 loss=0.260220 lr=0.00017152
epoch=1/3 batch=55/189 loss=0.216314 lr=0.00016710
epoch=1/3 batch=60/189 loss=0.175759 lr=0.00016000
epoch=2/3 batch=65/189 loss=0.186440 lr=0.00015243
epoch=2/3 batch=70/189 loss=0.193599 lr=0.00014714
epoch=2/3 batch=75/189 loss=0.195278 lr=0.00013893
validation step=40 val_loss=0.177969 improved=True
epoch=2/3 batch=80/189 loss=0.149202 lr=0.00013329
epoch=2/3 batch=85/189 loss=0.197761 lr=0.00012466
epoch=2/3 batch=90/189 loss=0.149828 lr=0.00011882
epoch=2/3 batch=95/189 loss=0.154062 lr=0.00011000
epoch=2/3 batch=100/189 loss=0.165372 lr=0.00010411
epoch=2/3 batch=105/189 loss=0.205837 lr=0.00009534
epoch=2/3 batch=110/189 loss=0.201488 lr=0.00008956
epoch=2/3 batch=115/189 loss=0.155039 lr=0.00008107
validation step=60 val_loss=0.147456 improved=True
epoch=2/3 batch=120/189 loss=0.120312 lr=0.00007556
epoch=2/3 batch=125/189 loss=0.153287 lr=0.00006757
epoch=3/3 batch=130/189 loss=0.177939 lr=0.00006000
epoch=3/3 batch=135/189 loss=0.112931 lr=0.00005521
epoch=3/3 batch=140/189 loss=0.136114 lr=0.00004848
epoch=3/3 batch=145/189 loss=0.165095 lr=0.00004431
epoch=3/3 batch=150/189 loss=0.152086 lr=0.00003860
epoch=3/3 batch=155/189 loss=0.113487 lr=0.00003517
validation step=80 val_loss=0.136338 improved=True
epoch=3/3 batch=160/189 loss=0.153805 lr=0.00003063
epoch=3/3 batch=165/189 loss=0.114502 lr=0.00002802
epoch=3/3 batch=170/189 loss=0.127195 lr=0.00002478
epoch=3/3 batch=175/189 loss=0.136153 lr=0.00002307
epoch=3/3 batch=180/189 loss=0.077699 lr=0.00002120
epoch=3/3 batch=185/189 loss=0.153805 lr=0.00002043
epoch=3/3 batch=189/189 loss=0.163650 lr=0.00002000
validation step=96 val_loss=0.130913 improved=True
TRAINING_COMPLETE best_step=96 best_val_loss=0.130913 run_dir=/root/autodl-tmp/MiniMind-medical/experiments/lora_sentiment_20260914/runs/scale_1000
evaluated=50/400
evaluated=100/400
evaluated=150/400
evaluated=200/400
evaluated=250/400
evaluated=300/400
evaluated=350/400
evaluated=400/400
{
  "checkpoint": "/root/autodl-tmp/MiniMind-medical/experiments/lora_sentiment_20260914/runs/scale_1000/best_lora.pth",
  "data": "/root/autodl-tmp/MiniMind-medical/experiments/lora_sentiment_20260914/data/formal/test.jsonl",
  "samples": 400,
  "candidate_scoring_accuracy": 0.7725,
  "generation_accuracy": 0.7725,
  "baseline": {
    "majority_class_accuracy": 0.5,
    "random_expected_accuracy": 0.5,
    "random_95ci": [
      0.451,
      0.549
    ],
    "min_accuracy_to_beat_random": 0.549,
    "beats_random": true,
    "note": "candidate_scoring_accuracy 需高于 min_accuracy_to_beat_random 才算显著优于随机；不要直接与 0.5 比较。"
  },
  "format_compliance_rate": 1.0,
  "macro_f1": 0.7724644475699329,
  "confusion_matrix": {
    "负面": {
      "负面": 157,
      "正面": 43
    },
    "正面": {
      "负面": 48,
      "正面": 152
    }
  },
  "generation_predictions": {
    "负面": 205,
    "正面": 195
  },
  "per_class": {
    "负面": {
      "precision": 0.7658536585365854,
      "recall": 0.785,
      "f1": 0.7753086419753088
    },
    "正面": {
      "precision": 0.7794871794871795,
      "recall": 0.76,
      "f1": 0.769620253164557
    }
  }
}
EVALUATION_COMPLETE output=/root/autodl-tmp/MiniMind-medical/experiments/lora_sentiment_20260914/runs/scale_1000/eval_formal.json
✅ Step 5 完成

--------------------------------------------------------------------------------
▶ Step 6: 汇总报告
--------------------------------------------------------------------------------
REPORT_WRITTEN /root/autodl-tmp/MiniMind-medical/experiments/lora_sentiment_20260914/results.md
✅ Step 6 完成

================================================================================
 全流程结束  2026-09-17 18:25:24
 日志: /root/autodl-tmp/MiniMind-medical/experiments/lora_sentiment_20260914/logs/run_20260917_182104.log
 报告: /root/autodl-tmp/MiniMind-medical/experiments/lora_sentiment_20260914/results.md
================================================================================
